[dotenv@17.2.3] injecting env (9) from .env -- tip: ΓÜÖ∩╕Å  enable debug logging with { debug: true }
[dotenv@17.2.3] injecting env (0) from .env -- tip: ≡ƒöÉ prevent committing .env to code: https://dotenvx.com/precommit
Using user: testuser5@example.com
Generated Token: eyJhbGciOiJIUzI1NiIsInR5cCI6IkpXVCJ9.eyJpZCI6InRlc3R1c2VyNUBleGFtcGxlLmNvbSIsInJvbGUiOiJ1c2VyIiwiaWF0IjoxNzY5NDE0Mjg5LCJleHAiOjE3Njk0MTc4ODl9.YfK5csbLUJjRAduQuKhPa-P3CEtFRWhtTJG-Fj7EPAU
[dotenv@17.2.3] injecting env (0) from .env -- tip: ΓÜÖ∩╕Å  enable debug logging with { debug: true }

Fetching a product...
Test Server started on port 4001
Product: Zandu Ayurvedic Hair Growth Mask (200 g), ID: 445, Initial Stock: 50

Adding to cart...
Cart items: 1

Placing order...
Order placed! ID: e8c20fa3-d733-47f4-9d29-a8e3f44eb354

Verifying stock decrement...
Initial Stock: 50, Stock After Order: 48
Γ£à Stock decremented correctly.
Cart items count after order: 0
Γ£à Cart cleared after order.

Testing stock restoration on cancellation...
Order cancelled.
Stock after cancellation: 2
Γ¥î Stock restoration failed!
